V3 14
FL C:/Users/Kaue/Dropbox/Lab4/Genius/Genius/pong/pong_cntrl.vhd 2005/09/23.20:47:51 P.20131013
EN work/cntrl 1478985569 \
      FL C:/Users/Kaue/Dropbox/Lab4/Genius/Genius/pong/pong_cntrl.vhd \
      PB ieee/std_logic_1164 1381692176 PB ieee/std_logic_arith 1381692177 \
      PB ieee/STD_LOGIC_UNSIGNED 1381692179
AR work/cntrl/static_display 1478985570 \
      FL C:/Users/Kaue/Dropbox/Lab4/Genius/Genius/pong/pong_cntrl.vhd \
      EN work/cntrl 1478985569 CP vgacore CP testram
FL C:/Users/Kaue/Dropbox/Lab4/Genius/Genius/pong/testram.vhd 2005/09/23.20:47:51 P.20131013
EN work/testram 1478985567 \
      FL C:/Users/Kaue/Dropbox/Lab4/Genius/Genius/pong/testram.vhd \
      PB ieee/std_logic_1164 1381692176 PB ieee/std_logic_arith 1381692177 \
      PB ieee/STD_LOGIC_UNSIGNED 1381692179
AR work/testram/behavioral 1478985568 \
      FL C:/Users/Kaue/Dropbox/Lab4/Genius/Genius/pong/testram.vhd \
      EN work/testram 1478985567
FL C:/Users/Kaue/Dropbox/Lab4/Genius/Genius/pong/vgacore_multi.vhd 2005/09/23.20:47:51 P.20131013
EN work/vgacore 1478985565 \
      FL C:/Users/Kaue/Dropbox/Lab4/Genius/Genius/pong/vgacore_multi.vhd \
      PB ieee/std_logic_1164 1381692176 PB ieee/std_logic_arith 1381692177 \
      PB ieee/STD_LOGIC_UNSIGNED 1381692179
AR work/vgacore/behavioral 1478985566 \
      FL C:/Users/Kaue/Dropbox/Lab4/Genius/Genius/pong/vgacore_multi.vhd \
      EN work/vgacore 1478985565
FL C:/Users/Kaue/Dropbox/Lab4/Genius/Genius/pong/vga_interface.vhd 2005/09/23.20:47:51 P.20131013
EN work/vga_int 1478985571 \
      FL C:/Users/Kaue/Dropbox/Lab4/Genius/Genius/pong/vga_interface.vhd \
      PB ieee/std_logic_1164 1381692176 PB ieee/std_logic_arith 1381692177 \
      PB ieee/STD_LOGIC_UNSIGNED 1381692179
AR work/vga_int/behavioral 1478985572 \
      FL C:/Users/Kaue/Dropbox/Lab4/Genius/Genius/pong/vga_interface.vhd \
      EN work/vga_int 1478985571
